I'm sorry, but errors were detected in your script. Please correct the
errors listed below, and try again.


File "game/script.rpy", line 245: choice menuitem expects a non-empty block.
    "I want to go out!":
                        ^

Ren'Py Version: Ren'Py 8.3.4.24120703
Fri Mar 21 15:28:34 2025
